Nothing to build in platform 'SSD1306'

11:30:54 **** Incremental Build of configuration Debug for project OLED_Driver ****
make all 
make --no-print-directory pre-build
a9-linaro-pre-build-step
' '
make --no-print-directory main-build
'Building file: ../src/OLED_Init.c'
'Invoking: ARM v7 gcc compiler'
arm-none-eabi-gcc -Wall -O0 -g3 -c -fmessage-length=0 -MT"src/OLED_Init.o" -mcpu=cortex-a9 -mfpu=vfpv3 -mfloat-abi=hard -ID:/VitisIDE/SSD1306/SSD1306_Driver/SSD1306/export/SSD1306/sw/SSD1306/standalone_ps7_cortexa9_0/bspinclude/include -MMD -MP -MF"src/OLED_Init.d" -MT"src/OLED_Init.o" -o "src/OLED_Init.o" "../src/OLED_Init.c"
../src/OLED_Init.c:4:1: warning: missing braces around initializer [-Wmissing-braces]
    4 | {
      | ^
    5 | 0x00, 0x00, 0x00, 0x00, 0x00, 0x00,// sp
      | {                                 }
    6 | 0x00, 0x00, 0x00, 0x2f, 0x00, 0x00,// !
      | {                                 }
    7 | 0x00, 0x00, 0x07, 0x00, 0x07, 0x00,// "
      | {                                 }
    8 | 0x00, 0x14, 0x7f, 0x14, 0x7f, 0x14,// #
      | {                                 }
    9 | 0x00, 0x24, 0x2a, 0x7f, 0x2a, 0x12,// $
      | {                                 }
   10 | 0x00, 0x62, 0x64, 0x08, 0x13, 0x23,// %
      | {                                 }
   11 | 0x00, 0x36, 0x49, 0x55, 0x22, 0x50,// &
      | {                                 }
   12 | 0x00, 0x00, 0x05, 0x03, 0x00, 0x00,// '
      | {                                 }
   13 | 0x00, 0x00, 0x1c, 0x22, 0x41, 0x00,// (
      | {                                 }
   14 | 0x00, 0x00, 0x41, 0x22, 0x1c, 0x00,// )
      | {                                 }
   15 | 0x00, 0x14, 0x08, 0x3E, 0x08, 0x14,// *
      | {                                 }
   16 | 0x00, 0x08, 0x08, 0x3E, 0x08, 0x08,// +
      | {                                 }
   17 | 0x00, 0x00, 0x00, 0xA0, 0x60, 0x00,// ,
      | {                                 }
   18 | 0x00, 0x08, 0x08, 0x08, 0x08, 0x08,// -
      | {                                 }
   19 | 0x00, 0x00, 0x60, 0x60, 0x00, 0x00,// .
      | {                                 }
   20 | 0x00, 0x20, 0x10, 0x08, 0x04, 0x02,// /
      | {                                 }
   21 | 0x00, 0x3E, 0x51, 0x49, 0x45, 0x3E,// 0
      | {                                 }
   22 | 0x00, 0x00, 0x42, 0x7F, 0x40, 0x00,// 1
      | {                                 }
   23 | 0x00, 0x42, 0x61, 0x51, 0x49, 0x46,// 2
      | {                                 }
   24 | 0x00, 0x21, 0x41, 0x45, 0x4B, 0x31,// 3
      | {                                 }
   25 | 0x00, 0x18, 0x14, 0x12, 0x7F, 0x10,// 4
      | {                                 }
   26 | 0x00, 0x27, 0x45, 0x45, 0x45, 0x39,// 5
      | {                                 }
   27 | 0x00, 0x3C, 0x4A, 0x49, 0x49, 0x30,// 6
      | {                                 }
   28 | 0x00, 0x01, 0x71, 0x09, 0x05, 0x03,// 7
      | {                                 }
   29 | 0x00, 0x36, 0x49, 0x49, 0x49, 0x36,// 8
      | {                                 }
   30 | 0x00, 0x06, 0x49, 0x49, 0x29, 0x1E,// 9
      | {                                 }
   31 | 0x00, 0x00, 0x36, 0x36, 0x00, 0x00,// :
      | {                                 }
   32 | 0x00, 0x00, 0x56, 0x36, 0x00, 0x00,// ;
      | {                                 }
   33 | 0x00, 0x08, 0x14, 0x22, 0x41, 0x00,// <
      | {                                 }
   34 | 0x00, 0x14, 0x14, 0x14, 0x14, 0x14,// =
      | {                                 }
   35 | 0x00, 0x00, 0x41, 0x22, 0x14, 0x08,// >
      | {                                 }
   36 | 0x00, 0x02, 0x01, 0x51, 0x09, 0x06,// ?
      | {                                 }
   37 | 0x00, 0x32, 0x49, 0x59, 0x51, 0x3E,// @
      | {                                 }
   38 | 0x00, 0x7C, 0x12, 0x11, 0x12, 0x7C,// A
      | {                                 }
   39 | 0x00, 0x7F, 0x49, 0x49, 0x49, 0x36,// B
      | {                                 }
   40 | 0x00, 0x3E, 0x41, 0x41, 0x41, 0x22,// C
      | {                                 }
   41 | 0x00, 0x7F, 0x41, 0x41, 0x22, 0x1C,// D
      | {                                 }
   42 | 0x00, 0x7F, 0x49, 0x49, 0x49, 0x41,// E
      | {                                 }
   43 | 0x00, 0x7F, 0x09, 0x09, 0x09, 0x01,// F
      | {                                 }
   44 | 0x00, 0x3E, 0x41, 0x49, 0x49, 0x7A,// G
      | {                                 }
   45 | 0x00, 0x7F, 0x08, 0x08, 0x08, 0x7F,// H
      | {                                 }
   46 | 0x00, 0x00, 0x41, 0x7F, 0x41, 0x00,// I
      | {                                 }
   47 | 0x00, 0x20, 0x40, 0x41, 0x3F, 0x01,// J
      | {                                 }
   48 | 0x00, 0x7F, 0x08, 0x14, 0x22, 0x41,// K
      | {                                 }
   49 | 0x00, 0x7F, 0x40, 0x40, 0x40, 0x40,// L
      | {                                 }
   50 | 0x00, 0x7F, 0x02, 0x0C, 0x02, 0x7F,// M
      | {                                 }
   51 | 0x00, 0x7F, 0x04, 0x08, 0x10, 0x7F,// N
      | {                                 }
   52 | 0x00, 0x3E, 0x41, 0x41, 0x41, 0x3E,// O
      | {                                 }
   53 | 0x00, 0x7F, 0x09, 0x09, 0x09, 0x06,// P
      | {                                 }
   54 | 0x00, 0x3E, 0x41, 0x51, 0x21, 0x5E,// Q
      | {                                 }
   55 | 0x00, 0x7F, 0x09, 0x19, 0x29, 0x46,// R
      | {                                 }
   56 | 0x00, 0x46, 0x49, 0x49, 0x49, 0x31,// S
      | {                                 }
   57 | 0x00, 0x01, 0x01, 0x7F, 0x01, 0x01,// T
      | {                                 }
   58 | 0x00, 0x3F, 0x40, 0x40, 0x40, 0x3F,// U
      | {                                 }
   59 | 0x00, 0x1F, 0x20, 0x40, 0x20, 0x1F,// V
      | {                                 }
   60 | 0x00, 0x3F, 0x40, 0x38, 0x40, 0x3F,// W
      | {                                 }
   61 | 0x00, 0x63, 0x14, 0x08, 0x14, 0x63,// X
      | {                                 }
   62 | 0x00, 0x07, 0x08, 0x70, 0x08, 0x07,// Y
      | {                                 }
   63 | 0x00, 0x61, 0x51, 0x49, 0x45, 0x43,// Z
      | {                                 }
   64 | 0x00, 0x00, 0x7F, 0x41, 0x41, 0x00,// [
      | {                                 }
   65 | 0x00, 0x55, 0x2A, 0x55, 0x2A, 0x55,// 55
      | {                                 }
   66 | 0x00, 0x00, 0x41, 0x41, 0x7F, 0x00,// ]
      | {                                 }
   67 | 0x00, 0x04, 0x02, 0x01, 0x02, 0x04,// ^
      | {                                 }
   68 | 0x00, 0x40, 0x40, 0x40, 0x40, 0x40,// _
      | {                                 }
   69 | 0x00, 0x00, 0x01, 0x02, 0x04, 0x00,// '
      | {                                 }
   70 | 0x00, 0x20, 0x54, 0x54, 0x54, 0x78,// a
      | {                                 }
   71 | 0x00, 0x7F, 0x48, 0x44, 0x44, 0x38,// b
      | {                                 }
   72 | 0x00, 0x38, 0x44, 0x44, 0x44, 0x20,// c
      | {                                 }
   73 | 0x00, 0x38, 0x44, 0x44, 0x48, 0x7F,// d
      | {                                 }
   74 | 0x00, 0x38, 0x54, 0x54, 0x54, 0x18,// e
      | {                                 }
   75 | 0x00, 0x08, 0x7E, 0x09, 0x01, 0x02,// f
      | {                                 }
   76 | 0x00, 0x18, 0xA4, 0xA4, 0xA4, 0x7C,// g
      | {                                 }
   77 | 0x00, 0x7F, 0x08, 0x04, 0x04, 0x78,// h
      | {                                 }
   78 | 0x00, 0x00, 0x44, 0x7D, 0x40, 0x00,// i
      | {                                 }
   79 | 0x00, 0x40, 0x80, 0x84, 0x7D, 0x00,// j
      | {                                 }
   80 | 0x00, 0x7F, 0x10, 0x28, 0x44, 0x00,// k
      | {                                 }
   81 | 0x00, 0x00, 0x41, 0x7F, 0x40, 0x00,// l
      | {                                 }
   82 | 0x00, 0x7C, 0x04, 0x18, 0x04, 0x78,// m
      | {                                 }
   83 | 0x00, 0x7C, 0x08, 0x04, 0x04, 0x78,// n
      | {                                 }
   84 | 0x00, 0x38, 0x44, 0x44, 0x44, 0x38,// o
      | {                                 }
   85 | 0x00, 0xFC, 0x24, 0x24, 0x24, 0x18,// p
      | {                                 }
   86 | 0x00, 0x18, 0x24, 0x24, 0x18, 0xFC,// q
      | {                                 }
   87 | 0x00, 0x7C, 0x08, 0x04, 0x04, 0x08,// r
      | {                                 }
   88 | 0x00, 0x48, 0x54, 0x54, 0x54, 0x20,// s
      | {                                 }
   89 | 0x00, 0x04, 0x3F, 0x44, 0x40, 0x20,// t
      | {                                 }
   90 | 0x00, 0x3C, 0x40, 0x40, 0x20, 0x7C,// u
      | {                                 }
   91 | 0x00, 0x1C, 0x20, 0x40, 0x20, 0x1C,// v
      | {                                 }
   92 | 0x00, 0x3C, 0x40, 0x30, 0x40, 0x3C,// w
      | {                                 }
   93 | 0x00, 0x44, 0x28, 0x10, 0x28, 0x44,// x
      | {                                 }
   94 | 0x00, 0x1C, 0xA0, 0xA0, 0xA0, 0x7C,// y
      | {                                 }
   95 | 0x00, 0x44, 0x64, 0x54, 0x4C, 0x44,// z
      | {                                 }
   96 | 0x14, 0x14, 0x14, 0x14, 0x14, 0x14,// horiz lines
      | {
   97 | };
      | }
../src/OLED_Init.c:162:83: warning: multi-line comment [-Wcomment]
  162 |   0x00,0x0C,0x30,0xC0,0x00,0x00,0x00,0x00,0x00,0x00,0x00,0x01,0x06,0x38,0xC0,0x00,//\
      |                                                                                   ^
../src/OLED_Init.c: In function 'OLED_SendCMD':
../src/OLED_Init.c:237:9: warning: implicit declaration of function 'usleep' [-Wimplicit-function-declaration]
  237 |         usleep(8000);
      |         ^~~~~~
../src/OLED_Init.c: In function 'OLED_Clear':
../src/OLED_Init.c:312:1: warning: control reaches end of non-void function [-Wreturn-type]
  312 | }
      | ^
'Finished building: ../src/OLED_Init.c'
' '
'Building file: ../src/main.c'
'Invoking: ARM v7 gcc compiler'
arm-none-eabi-gcc -Wall -O0 -g3 -c -fmessage-length=0 -MT"src/main.o" -mcpu=cortex-a9 -mfpu=vfpv3 -mfloat-abi=hard -ID:/VitisIDE/SSD1306/SSD1306_Driver/SSD1306/export/SSD1306/sw/SSD1306/standalone_ps7_cortexa9_0/bspinclude/include -MMD -MP -MF"src/main.d" -MT"src/main.o" -o "src/main.o" "../src/main.c"
'Finished building: ../src/main.c'
' '
'Building target: OLED_Driver.elf'
'Invoking: ARM v7 gcc linker'
arm-none-eabi-gcc -mcpu=cortex-a9 -mfpu=vfpv3 -mfloat-abi=hard -Wl,-build-id=none -specs=Xilinx.spec -Wl,-T -Wl,../src/lscript.ld -LD:/VitisIDE/SSD1306/SSD1306_Driver/SSD1306/export/SSD1306/sw/SSD1306/standalone_ps7_cortexa9_0/bsplib/lib -o "OLED_Driver.elf"  ./src/OLED_Init.o ./src/main.o   -Wl,--start-group,-lxil,-lgcc,-lc,--end-group
'Finished building target: OLED_Driver.elf'
' '
'Invoking: ARM v7 Print Size'
arm-none-eabi-size OLED_Driver.elf  |tee "OLED_Driver.elf.size"
   text	   data	    bss	    dec	    hex	filename
  40174	   2200	  22712	  65086	   fe3e	OLED_Driver.elf
'Finished building: OLED_Driver.elf.size'
' '
